2026-04-01T06:37:51+00:00 DEBUG #2903 - [New Request] GET /
2026-04-01T06:37:51+00:00 DEBUG #2903 - GET https://api.woocommerce.com/integrations/ppc/v1/customer/partners/K8SKZ36LQBWXJ/merchant-integrations/
Response: Array
(
    [code] => 404
    [message] => Not Found
)

Response Body: {"statusCode":404,"error":"Not Found","message":"Not Found"}
2026-04-01T06:37:51+00:00 WARNING #2903 - [Error] Not Found CONTEXT: {"args":{"method":"GET","headers":{"Authorization":"Bearer token","Content-Type":"application/json"}},"response":{"headers":{},"body":"{"statusCode":404,"error":"Not Found","message":"Not Found"}","response":{"code":404,"message":"Not Found"},"cookies":[],"filename":null,"http_response":{"data":null,"headers":null,"status":null}}}
2026-04-01T06:37:51+00:00 DEBUG #2903 - GET https://api.woocommerce.com/integrations/ppc/v1/customer/partners/K8SKZ36LQBWXJ/merchant-integrations/
Response: Array
(
    [code] => 404
    [message] => Not Found
)

Response Body: {"statusCode":404,"error":"Not Found","message":"Not Found"}
2026-04-01T06:37:51+00:00 WARNING #2903 - [Error] Not Found CONTEXT: {"args":{"method":"GET","headers":{"Authorization":"Bearer token","Content-Type":"application/json"}},"response":{"headers":{},"body":"{"statusCode":404,"error":"Not Found","message":"Not Found"}","response":{"code":404,"message":"Not Found"},"cookies":[],"filename":null,"http_response":{"data":null,"headers":null,"status":null}}}
2026-04-01T06:37:51+00:00 WARNING #2903 - Seller status API call failed during settings migration; using defaults. CONTEXT: {"error":"[Error] Not Found"}
2026-04-01T06:37:51+00:00 DEBUG #2903 - GET https://api.woocommerce.com/integrations/ppc/v1/customer/partners/K8SKZ36LQBWXJ/merchant-integrations/
Response: Array
(
    [code] => 404
    [message] => Not Found
)

Response Body: {"statusCode":404,"error":"Not Found","message":"Not Found"}
2026-04-01T06:37:51+00:00 WARNING #2903 - [Error] Not Found CONTEXT: {"args":{"method":"GET","headers":{"Authorization":"Bearer token","Content-Type":"application/json"}},"response":{"headers":{},"body":"{"statusCode":404,"error":"Not Found","message":"Not Found"}","response":{"code":404,"message":"Not Found"},"cookies":[],"filename":null,"http_response":{"data":null,"headers":null,"status":null}}}
2026-04-01T06:37:51+00:00 DEBUG #2903 - Seller type resolution deferred; will retry in 1 hour. CONTEXT: {"error":"[Error] Not Found"}
